1 files processed and stored to .default.obj
fin_import_checking_oct
    transactions: 9
    transactions_in: 1
    transactions_out: 8
    sum: -15.27
    sum_in: 10.00
    sum_out: -25.27
    avg: -1.70
1 files processed. summary report below:
summary
    transactions: 9
    transactions_in: 1
    transactions_out: 8
    sum: -15.27
    sum_in: 10.00
    sum_out: -25.27
    avg: -1.70
